❯ Building...

  polyfills-B6TNHZQ6.js  33.8kb

⚡ Done in 8ms
▲ [WARNING] NG8113: GlobalLoadingComponent is not used within the template of App [plugin angular-compiler]

    src/app/app.ts:8:33:
      8 │   imports: [RouterOutlet, Vflow, GlobalLoadingComponent],
        ╵                                  ~~~~~~~~~~~~~~~~~~~~~~

▲ [WARNING] NG8107: The left side of this optional chain operation does not include 'null' or 'undefined' in its type, therefore the '?.' operator can be replaced with the '.' operator. [plugin angular-compiler]

    src/app/features/catalog/app-provider-editor.component.ts:28:35:
      28 │ ...    <span class="s">{{ form?.value?.title || form?.value?.name ...
         ╵                                 ~~~~~

▲ [WARNING] NG8107: The left side of this optional chain operation does not include 'null' or 'undefined' in its type, therefore the '?.' operator can be replaced with the '.' operator. [plugin angular-compiler]

    src/app/features/catalog/app-provider-editor.component.ts:28:57:
      28 │ ...>{{ form?.value?.title || form?.value?.name || 'Nouveau' }}</span>
         ╵                                    ~~~~~

▲ [WARNING] NG8113: FormTableViewerComponent is not used within the template of AppProviderViewerComponent [plugin angular-compiler]

    src/app/features/catalog/app-provider-viewer.component.ts:17:69:
      17 │ ...odule, NzTagModule, FormTableViewerComponent, RecordsTableCompo...
         ╵                        ~~~~~~~~~~~~~~~~~~~~~~~~

▲ [WARNING] NG8113: DynamicForm is not used within the template of CredentialViewerComponent [plugin angular-compiler]

    src/app/features/credentials/credential-viewer.component.ts:15:112:
      15 │ ...TableViewerComponent, CredentialEditDialogComponent, DynamicForm],
         ╵                                                         ~~~~~~~~~~~

▲ [WARNING] NG8107: The left side of this optional chain operation does not include 'null' or 'undefined' in its type, therefore the '?.' operator can be replaced with the '.' operator. [plugin angular-compiler]

    src/app/features/credentials/credential-viewer.component.ts:47:112:
      47 │ ...tDoc" [workspaceId]="doc?.workspaceId || null" (closed)="editVi...
         ╵                              ~~~~~~~~~~~

▲ [WARNING] NG8113: RouterLink is not used within the template of FlowAiConsoleComponent [plugin angular-compiler]

    src/app/features/flow/flow-ai-console.component.ts:22:39:
      22 │ ...CommonModule, FormsModule, RouterLink, RouterLinkActive, NzButt...
         ╵                               ~~~~~~~~~~

▲ [WARNING] NG8113: RouterLinkActive is not used within the template of FlowAiConsoleComponent [plugin angular-compiler]

    src/app/features/flow/flow-ai-console.component.ts:22:51:
      22 │ ...ormsModule, RouterLink, RouterLinkActive, NzButtonModule, NzInp...
         ╵                            ~~~~~~~~~~~~~~~~

▲ [WARNING] NG8113: VflowSafariForeignObjectPatchDirective is not used within the template of FlowBuilderComponent [plugin angular-compiler]

    src/app/features/flow/flow-builder.component.ts:45:25:
      45 │ ...CommonModule,VflowSafariForeignObjectPatchDirective, FormsModul...
         ╵                 ~~~~~~~~~~~~~~~~~~~~~~~~~~~~~~~~~~~~~~

▲ [WARNING] NG8107: The left side of this optional chain operation does not include 'null' or 'undefined' in its type, therefore the '?.' operator can be replaced with the '.' operator. [plugin angular-compiler]

    src/app/features/flow/flow-execution.component.ts:135:61:
      135 │ ...       <div class="s mono">ID: {{ selectedBackendRun?.id }}</div>
          ╵                                                          ~~

▲ [WARNING] NG8107: The left side of this optional chain operation does not include 'null' or 'undefined' in its type, therefore the '?.' operator can be replaced with the '.' operator. [plugin angular-compiler]

    src/app/features/flow/flow-execution.component.ts:138:51:
      138 │ ...Color]="selectedBackendRun?.status==='success' ? 'green' : (se...
          ╵                                ~~~~~~

▲ [WARNING] NG8107: The left side of this optional chain operation does not include 'null' or 'undefined' in its type, therefore the '?.' operator can be replaced with the '.' operator. [plugin angular-compiler]

    src/app/features/flow/flow-execution.component.ts:138:103:
      138 │ ...een' : (selectedBackendRun?.status==='error' ? 'red' : (select...
          ╵                                ~~~~~~

▲ [WARNING] NG8107: The left side of this optional chain operation does not include 'null' or 'undefined' in its type, therefore the '?.' operator can be replaced with the '.' operator. [plugin angular-compiler]

    src/app/features/flow/flow-execution.component.ts:138:151:
      138 │ ...red' : (selectedBackendRun?.status==='running' ? 'blue' : (sel...
          ╵                                ~~~~~~

▲ [WARNING] NG8107: The left side of this optional chain operation does not include 'null' or 'undefined' in its type, therefore the '?.' operator can be replaced with the '.' operator. [plugin angular-compiler]

    src/app/features/flow/flow-execution.component.ts:138:202:
      138 │ ...lue' : (selectedBackendRun?.status==='cancelled' ? 'default' :...
          ╵                                ~~~~~~

▲ [WARNING] NG8107: The left side of this optional chain operation does not include 'null' or 'undefined' in its type, therefore the '?.' operator can be replaced with the '.' operator. [plugin angular-compiler]

    src/app/features/flow/flow-execution.component.ts:138:293:
      138 │ ...)))" class="status-tag">{{ selectedBackendRun?.status }}</nz-tag>
          ╵                                                   ~~~~~~

▲ [WARNING] NG8107: The left side of this optional chain operation does not include 'null' or 'undefined' in its type, therefore the '?.' operator can be replaced with the '.' operator. [plugin angular-compiler]

    src/app/features/flow/flow-execution.component.ts:147:88:
      147 │ ...urationMs != null">{{ selectedBackendRun?.durationMs }} ms</span>
          ╵                                              ~~~~~~~~~~

▲ [WARNING] NG8107: The left side of this optional chain operation does not include 'null' or 'undefined' in its type, therefore the '?.' operator can be replaced with the '.' operator. [plugin angular-compiler]

    src/app/features/flow/flow-execution.component.ts:148:94:
      148 │ ...= null"> · {{ selectedBackendRun?.nodesExecuted }} nœuds</span>
          ╵                                     ~~~~~~~~~~~~~

▲ [WARNING] NG8107: The left side of this optional chain operation does not include 'null' or 'undefined' in its type, therefore the '?.' operator can be replaced with the '.' operator. [plugin angular-compiler]

    src/app/features/flow/flow-execution.component.ts:149:92:
      149 │ ...t != null"> · {{ selectedBackendRun?.eventsCount }} évts</span>
          ╵                                        ~~~~~~~~~~~

▲ [WARNING] NG8107: The left side of this optional chain operation does not include 'null' or 'undefined' in its type, therefore the '?.' operator can be replaced with the '.' operator. [plugin angular-compiler]

    src/app/features/flow/flow-execution.component.ts:227:61:
      227 │ ...       <div class="s mono">ID: {{ selectedBackendRun?.id }}</div>
          ╵                                                          ~~

▲ [WARNING] NG8107: The left side of this optional chain operation does not include 'null' or 'undefined' in its type, therefore the '?.' operator can be replaced with the '.' operator. [plugin angular-compiler]

    src/app/features/flow/flow-execution.component.ts:230:51:
      230 │ ...Color]="selectedBackendRun?.status==='success' ? 'green' : (se...
          ╵                                ~~~~~~

▲ [WARNING] NG8107: The left side of this optional chain operation does not include 'null' or 'undefined' in its type, therefore the '?.' operator can be replaced with the '.' operator. [plugin angular-compiler]

    src/app/features/flow/flow-execution.component.ts:230:103:
      230 │ ...een' : (selectedBackendRun?.status==='error' ? 'red' : (select...
          ╵                                ~~~~~~

▲ [WARNING] NG8107: The left side of this optional chain operation does not include 'null' or 'undefined' in its type, therefore the '?.' operator can be replaced with the '.' operator. [plugin angular-compiler]

    src/app/features/flow/flow-execution.component.ts:230:151:
      230 │ ...red' : (selectedBackendRun?.status==='running' ? 'blue' : (sel...
          ╵                                ~~~~~~

▲ [WARNING] NG8107: The left side of this optional chain operation does not include 'null' or 'undefined' in its type, therefore the '?.' operator can be replaced with the '.' operator. [plugin angular-compiler]

    src/app/features/flow/flow-execution.component.ts:230:202:
      230 │ ...lue' : (selectedBackendRun?.status==='cancelled' ? 'default' :...
          ╵                                ~~~~~~

▲ [WARNING] NG8107: The left side of this optional chain operation does not include 'null' or 'undefined' in its type, therefore the '?.' operator can be replaced with the '.' operator. [plugin angular-compiler]

    src/app/features/flow/flow-execution.component.ts:230:293:
      230 │ ...)))" class="status-tag">{{ selectedBackendRun?.status }}</nz-tag>
          ╵                                                   ~~~~~~

▲ [WARNING] NG8107: The left side of this optional chain operation does not include 'null' or 'undefined' in its type, therefore the '?.' operator can be replaced with the '.' operator. [plugin angular-compiler]

    src/app/features/flow/flow-execution.component.ts:239:88:
      239 │ ...urationMs != null">{{ selectedBackendRun?.durationMs }} ms</span>
          ╵                                              ~~~~~~~~~~

▲ [WARNING] NG8107: The left side of this optional chain operation does not include 'null' or 'undefined' in its type, therefore the '?.' operator can be replaced with the '.' operator. [plugin angular-compiler]

    src/app/features/flow/flow-execution.component.ts:240:94:
      240 │ ...= null"> · {{ selectedBackendRun?.nodesExecuted }} nœuds</span>
          ╵                                     ~~~~~~~~~~~~~

▲ [WARNING] NG8107: The left side of this optional chain operation does not include 'null' or 'undefined' in its type, therefore the '?.' operator can be replaced with the '.' operator. [plugin angular-compiler]

    src/app/features/flow/flow-execution.component.ts:241:92:
      241 │ ...t != null"> · {{ selectedBackendRun?.eventsCount }} évts</span>
          ╵                                        ~~~~~~~~~~~

✘ [ERROR] TS2339: Property 'Number' does not exist on type 'FlowNodeSettingsV2DialogComponent'. [plugin angular-compiler]

    src/app/features/flow/node-settings-v2-dialog.component.ts:27:110:
      27 │ ...delChange)="onSelectScenario(Number($event))" nzSize="small" nz...
         ╵                                 ~~~~~~

▲ [WARNING] NG8107: The left side of this optional chain operation does not include 'null' or 'undefined' in its type, therefore the '?.' operator can be replaced with the '.' operator. [plugin angular-compiler]

    src/app/features/flow/node-template-editor.component.ts:36:35:
      36 │ ...    <span class="s">{{ form?.value?.title || form?.value?.name ...
         ╵                                 ~~~~~

▲ [WARNING] NG8107: The left side of this optional chain operation does not include 'null' or 'undefined' in its type, therefore the '?.' operator can be replaced with the '.' operator. [plugin angular-compiler]

    src/app/features/flow/node-template-editor.component.ts:36:57:
      36 │ ...>{{ form?.value?.title || form?.value?.name || 'Nouveau' }}</span>
         ╵                                    ~~~~~

● [DEBUG] Unicode property escapes in regular expressions are not available in the configured target environment ("chrome107.0", "edge107.0", "firefox104.0", "ios16.0", "safari16.0" + 5 overrides) [unsupported-regexp]

    src/app/features/flow/components/spotlight-add-node.component.ts:244:111:
      244 │ ...ormalize('NFD').replace(/\p{Diacritic}/gu, '').trim(); if (nq....
          ╵                             ~~~~~~~~~~~~~

  This regular expression literal has been converted to a "new RegExp()" constructor to avoid generating code with a syntax error. However, you will need to include a polyfill for "RegExp" for your code to have the correct behavior at run-time.

29 warnings and 1 error
✔ Building...
Application bundle generation failed. [8.025 seconds]

[33m▲ [43;33m[[43;30mWARNING[43;33m][0m [1mNG8113: GlobalLoadingComponent is not used within the template of App[0m [1m[35m[plugin angular-compiler][0m

    src/app/app.ts:8:33:
[37m      8 │   imports: [RouterOutlet, Vflow, [32mGlobalLoadingComponent[37m],
        ╵                                  [32m~~~~~~~~~~~~~~~~~~~~~~[0m


[33m▲ [43;33m[[43;30mWARNING[43;33m][0m [1mNG8107: The left side of this optional chain operation does not include 'null' or 'undefined' in its type, therefore the '?.' operator can be replaced with the '.' operator.[0m [1m[35m[plugin angular-compiler][0m

    src/app/features/catalog/app-provider-editor.component.ts:28:35:
[37m      28 │ ...    <span class="s">{{ form?.[32mvalue[37m?.title || form?.value?.name ...
         ╵                                 [32m~~~~~[0m


[33m▲ [43;33m[[43;30mWARNING[43;33m][0m [1mNG8107: The left side of this optional chain operation does not include 'null' or 'undefined' in its type, therefore the '?.' operator can be replaced with the '.' operator.[0m [1m[35m[plugin angular-compiler][0m

    src/app/features/catalog/app-provider-editor.component.ts:28:57:
[37m      28 │ ...>{{ form?.value?.title || form?.[32mvalue[37m?.name || 'Nouveau' }}</span>
         ╵                                    [32m~~~~~[0m


[33m▲ [43;33m[[43;30mWARNING[43;33m][0m [1mNG8113: FormTableViewerComponent is not used within the template of AppProviderViewerComponent[0m [1m[35m[plugin angular-compiler][0m

    src/app/features/catalog/app-provider-viewer.component.ts:17:69:
[37m      17 │ ...odule, NzTagModule, [32mFormTableViewerComponent[37m, RecordsTableCompo...
         ╵                        [32m~~~~~~~~~~~~~~~~~~~~~~~~[0m


[33m▲ [43;33m[[43;30mWARNING[43;33m][0m [1mNG8113: DynamicForm is not used within the template of CredentialViewerComponent[0m [1m[35m[plugin angular-compiler][0m

    src/app/features/credentials/credential-viewer.component.ts:15:112:
[37m      15 │ ...TableViewerComponent, CredentialEditDialogComponent, [32mDynamicForm[37m],
         ╵                                                         [32m~~~~~~~~~~~[0m


[33m▲ [43;33m[[43;30mWARNING[43;33m][0m [1mNG8107: The left side of this optional chain operation does not include 'null' or 'undefined' in its type, therefore the '?.' operator can be replaced with the '.' operator.[0m [1m[35m[plugin angular-compiler][0m

    src/app/features/credentials/credential-viewer.component.ts:47:112:
[37m      47 │ ...tDoc" [workspaceId]="doc?.[32mworkspaceId[37m || null" (closed)="editVi...
         ╵                              [32m~~~~~~~~~~~[0m


[33m▲ [43;33m[[43;30mWARNING[43;33m][0m [1mNG8113: RouterLink is not used within the template of FlowAiConsoleComponent[0m [1m[35m[plugin angular-compiler][0m

    src/app/features/flow/flow-ai-console.component.ts:22:39:
[37m      22 │ ...CommonModule, FormsModule, [32mRouterLink[37m, RouterLinkActive, NzButt...
         ╵                               [32m~~~~~~~~~~[0m


[33m▲ [43;33m[[43;30mWARNING[43;33m][0m [1mNG8113: RouterLinkActive is not used within the template of FlowAiConsoleComponent[0m [1m[35m[plugin angular-compiler][0m

    src/app/features/flow/flow-ai-console.component.ts:22:51:
[37m      22 │ ...ormsModule, RouterLink, [32mRouterLinkActive[37m, NzButtonModule, NzInp...
         ╵                            [32m~~~~~~~~~~~~~~~~[0m


[33m▲ [43;33m[[43;30mWARNING[43;33m][0m [1mNG8113: VflowSafariForeignObjectPatchDirective is not used within the template of FlowBuilderComponent[0m [1m[35m[plugin angular-compiler][0m

    src/app/features/flow/flow-builder.component.ts:45:25:
[37m      45 │ ...CommonModule,[32mVflowSafariForeignObjectPatchDirective[37m, FormsModul...
         ╵                 [32m~~~~~~~~~~~~~~~~~~~~~~~~~~~~~~~~~~~~~~[0m


[33m▲ [43;33m[[43;30mWARNING[43;33m][0m [1mNG8107: The left side of this optional chain operation does not include 'null' or 'undefined' in its type, therefore the '?.' operator can be replaced with the '.' operator.[0m [1m[35m[plugin angular-compiler][0m

    src/app/features/flow/flow-execution.component.ts:135:61:
[37m      135 │ ...       <div class="s mono">ID: {{ selectedBackendRun?.[32mid[37m }}</div>
          ╵                                                          [32m~~[0m


[33m▲ [43;33m[[43;30mWARNING[43;33m][0m [1mNG8107: The left side of this optional chain operation does not include 'null' or 'undefined' in its type, therefore the '?.' operator can be replaced with the '.' operator.[0m [1m[35m[plugin angular-compiler][0m

    src/app/features/flow/flow-execution.component.ts:138:51:
[37m      138 │ ...Color]="selectedBackendRun?.[32mstatus[37m==='success' ? 'green' : (se...
          ╵                                [32m~~~~~~[0m


[33m▲ [43;33m[[43;30mWARNING[43;33m][0m [1mNG8107: The left side of this optional chain operation does not include 'null' or 'undefined' in its type, therefore the '?.' operator can be replaced with the '.' operator.[0m [1m[35m[plugin angular-compiler][0m

    src/app/features/flow/flow-execution.component.ts:138:103:
[37m      138 │ ...een' : (selectedBackendRun?.[32mstatus[37m==='error' ? 'red' : (select...
          ╵                                [32m~~~~~~[0m


[33m▲ [43;33m[[43;30mWARNING[43;33m][0m [1mNG8107: The left side of this optional chain operation does not include 'null' or 'undefined' in its type, therefore the '?.' operator can be replaced with the '.' operator.[0m [1m[35m[plugin angular-compiler][0m

    src/app/features/flow/flow-execution.component.ts:138:151:
[37m      138 │ ...red' : (selectedBackendRun?.[32mstatus[37m==='running' ? 'blue' : (sel...
          ╵                                [32m~~~~~~[0m


[33m▲ [43;33m[[43;30mWARNING[43;33m][0m [1mNG8107: The left side of this optional chain operation does not include 'null' or 'undefined' in its type, therefore the '?.' operator can be replaced with the '.' operator.[0m [1m[35m[plugin angular-compiler][0m

    src/app/features/flow/flow-execution.component.ts:138:202:
[37m      138 │ ...lue' : (selectedBackendRun?.[32mstatus[37m==='cancelled' ? 'default' :...
          ╵                                [32m~~~~~~[0m


[33m▲ [43;33m[[43;30mWARNING[43;33m][0m [1mNG8107: The left side of this optional chain operation does not include 'null' or 'undefined' in its type, therefore the '?.' operator can be replaced with the '.' operator.[0m [1m[35m[plugin angular-compiler][0m

    src/app/features/flow/flow-execution.component.ts:138:293:
[37m      138 │ ...)))" class="status-tag">{{ selectedBackendRun?.[32mstatus[37m }}</nz-tag>
          ╵                                                   [32m~~~~~~[0m


[33m▲ [43;33m[[43;30mWARNING[43;33m][0m [1mNG8107: The left side of this optional chain operation does not include 'null' or 'undefined' in its type, therefore the '?.' operator can be replaced with the '.' operator.[0m [1m[35m[plugin angular-compiler][0m

    src/app/features/flow/flow-execution.component.ts:147:88:
[37m      147 │ ...urationMs != null">{{ selectedBackendRun?.[32mdurationMs[37m }} ms</span>
          ╵                                              [32m~~~~~~~~~~[0m


[33m▲ [43;33m[[43;30mWARNING[43;33m][0m [1mNG8107: The left side of this optional chain operation does not include 'null' or 'undefined' in its type, therefore the '?.' operator can be replaced with the '.' operator.[0m [1m[35m[plugin angular-compiler][0m

    src/app/features/flow/flow-execution.component.ts:148:94:
[37m      148 │ ...= null"> · {{ selectedBackendRun?[32m.nodesExecute[37md }} nœuds</span>
          ╵                                     [32m~~~~~~~~~~~~~[0m


[33m▲ [43;33m[[43;30mWARNING[43;33m][0m [1mNG8107: The left side of this optional chain operation does not include 'null' or 'undefined' in its type, therefore the '?.' operator can be replaced with the '.' operator.[0m [1m[35m[plugin angular-compiler][0m

    src/app/features/flow/flow-execution.component.ts:149:92:
[37m      149 │ ...t != null"> · {{ selectedBackendRun?[32m.eventsCoun[37mt }} évts</span>
          ╵                                        [32m~~~~~~~~~~~[0m


[33m▲ [43;33m[[43;30mWARNING[43;33m][0m [1mNG8107: The left side of this optional chain operation does not include 'null' or 'undefined' in its type, therefore the '?.' operator can be replaced with the '.' operator.[0m [1m[35m[plugin angular-compiler][0m

    src/app/features/flow/flow-execution.component.ts:227:61:
[37m      227 │ ...       <div class="s mono">ID: {{ selectedBackendRun?.[32mid[37m }}</div>
          ╵                                                          [32m~~[0m


[33m▲ [43;33m[[43;30mWARNING[43;33m][0m [1mNG8107: The left side of this optional chain operation does not include 'null' or 'undefined' in its type, therefore the '?.' operator can be replaced with the '.' operator.[0m [1m[35m[plugin angular-compiler][0m

    src/app/features/flow/flow-execution.component.ts:230:51:
[37m      230 │ ...Color]="selectedBackendRun?.[32mstatus[37m==='success' ? 'green' : (se...
          ╵                                [32m~~~~~~[0m


[33m▲ [43;33m[[43;30mWARNING[43;33m][0m [1mNG8107: The left side of this optional chain operation does not include 'null' or 'undefined' in its type, therefore the '?.' operator can be replaced with the '.' operator.[0m [1m[35m[plugin angular-compiler][0m

    src/app/features/flow/flow-execution.component.ts:230:103:
[37m      230 │ ...een' : (selectedBackendRun?.[32mstatus[37m==='error' ? 'red' : (select...
          ╵                                [32m~~~~~~[0m


[33m▲ [43;33m[[43;30mWARNING[43;33m][0m [1mNG8107: The left side of this optional chain operation does not include 'null' or 'undefined' in its type, therefore the '?.' operator can be replaced with the '.' operator.[0m [1m[35m[plugin angular-compiler][0m

    src/app/features/flow/flow-execution.component.ts:230:151:
[37m      230 │ ...red' : (selectedBackendRun?.[32mstatus[37m==='running' ? 'blue' : (sel...
          ╵                                [32m~~~~~~[0m


[33m▲ [43;33m[[43;30mWARNING[43;33m][0m [1mNG8107: The left side of this optional chain operation does not include 'null' or 'undefined' in its type, therefore the '?.' operator can be replaced with the '.' operator.[0m [1m[35m[plugin angular-compiler][0m

    src/app/features/flow/flow-execution.component.ts:230:202:
[37m      230 │ ...lue' : (selectedBackendRun?.[32mstatus[37m==='cancelled' ? 'default' :...
          ╵                                [32m~~~~~~[0m


[33m▲ [43;33m[[43;30mWARNING[43;33m][0m [1mNG8107: The left side of this optional chain operation does not include 'null' or 'undefined' in its type, therefore the '?.' operator can be replaced with the '.' operator.[0m [1m[35m[plugin angular-compiler][0m

    src/app/features/flow/flow-execution.component.ts:230:293:
[37m      230 │ ...)))" class="status-tag">{{ selectedBackendRun?.[32mstatus[37m }}</nz-tag>
          ╵                                                   [32m~~~~~~[0m


[33m▲ [43;33m[[43;30mWARNING[43;33m][0m [1mNG8107: The left side of this optional chain operation does not include 'null' or 'undefined' in its type, therefore the '?.' operator can be replaced with the '.' operator.[0m [1m[35m[plugin angular-compiler][0m

    src/app/features/flow/flow-execution.component.ts:239:88:
[37m      239 │ ...urationMs != null">{{ selectedBackendRun?.[32mdurationMs[37m }} ms</span>
          ╵                                              [32m~~~~~~~~~~[0m


[33m▲ [43;33m[[43;30mWARNING[43;33m][0m [1mNG8107: The left side of this optional chain operation does not include 'null' or 'undefined' in its type, therefore the '?.' operator can be replaced with the '.' operator.[0m [1m[35m[plugin angular-compiler][0m

    src/app/features/flow/flow-execution.component.ts:240:94:
[37m      240 │ ...= null"> · {{ selectedBackendRun?[32m.nodesExecute[37md }} nœuds</span>
          ╵                                     [32m~~~~~~~~~~~~~[0m


[33m▲ [43;33m[[43;30mWARNING[43;33m][0m [1mNG8107: The left side of this optional chain operation does not include 'null' or 'undefined' in its type, therefore the '?.' operator can be replaced with the '.' operator.[0m [1m[35m[plugin angular-compiler][0m

    src/app/features/flow/flow-execution.component.ts:241:92:
[37m      241 │ ...t != null"> · {{ selectedBackendRun?[32m.eventsCoun[37mt }} évts</span>
          ╵                                        [32m~~~~~~~~~~~[0m


[33m▲ [43;33m[[43;30mWARNING[43;33m][0m [1mNG8107: The left side of this optional chain operation does not include 'null' or 'undefined' in its type, therefore the '?.' operator can be replaced with the '.' operator.[0m [1m[35m[plugin angular-compiler][0m

    src/app/features/flow/node-template-editor.component.ts:36:35:
[37m      36 │ ...    <span class="s">{{ form?.[32mvalue[37m?.title || form?.value?.name ...
         ╵                                 [32m~~~~~[0m


[33m▲ [43;33m[[43;30mWARNING[43;33m][0m [1mNG8107: The left side of this optional chain operation does not include 'null' or 'undefined' in its type, therefore the '?.' operator can be replaced with the '.' operator.[0m [1m[35m[plugin angular-compiler][0m

    src/app/features/flow/node-template-editor.component.ts:36:57:
[37m      36 │ ...>{{ form?.value?.title || form?.[32mvalue[37m?.name || 'Nouveau' }}</span>
         ╵                                    [32m~~~~~[0m


[31m✘ [41;31m[[41;97mERROR[41;31m][0m [1mTS2339: Property 'Number' does not exist on type 'FlowNodeSettingsV2DialogComponent'.[0m [1m[35m[plugin angular-compiler][0m

    src/app/features/flow/node-settings-v2-dialog.component.ts:27:110:
[37m      27 │ ...delChange)="onSelectScenario([32mNumber[37m($event))" nzSize="small" nz...
         ╵                                 [32m~~~~~~[0m


