❯ Building...
✔ Building...
Application bundle generation failed. [7.091 seconds]

[33m▲ [43;33m[[43;30mWARNING[43;33m][0m [1mNG8113: GlobalLoadingComponent is not used within the template of App[0m [1m[35m[plugin angular-compiler][0m

    src/app/app.ts:8:33:
[37m      8 │   imports: [RouterOutlet, Vflow, [32mGlobalLoadingComponent[37m],
        ╵                                  [32m~~~~~~~~~~~~~~~~~~~~~~[0m


[33m▲ [43;33m[[43;30mWARNING[43;33m][0m [1mNG8107: The left side of this optional chain operation does not include 'null' or 'undefined' in its type, therefore the '?.' operator can be replaced with the '.' operator.[0m [1m[35m[plugin angular-compiler][0m

    src/app/features/catalog/app-provider-editor.component.ts:28:35:
[37m      28 │ ...    <span class="s">{{ form?.[32mvalue[37m?.title || form?.value?.name ...
         ╵                                 [32m~~~~~[0m


[33m▲ [43;33m[[43;30mWARNING[43;33m][0m [1mNG8107: The left side of this optional chain operation does not include 'null' or 'undefined' in its type, therefore the '?.' operator can be replaced with the '.' operator.[0m [1m[35m[plugin angular-compiler][0m

    src/app/features/catalog/app-provider-editor.component.ts:28:57:
[37m      28 │ ...>{{ form?.value?.title || form?.[32mvalue[37m?.name || 'Nouveau' }}</span>
         ╵                                    [32m~~~~~[0m


[33m▲ [43;33m[[43;30mWARNING[43;33m][0m [1mNG8113: FormTableViewerComponent is not used within the template of AppProviderViewerComponent[0m [1m[35m[plugin angular-compiler][0m

    src/app/features/catalog/app-provider-viewer.component.ts:17:69:
[37m      17 │ ...odule, NzTagModule, [32mFormTableViewerComponent[37m, RecordsTableCompo...
         ╵                        [32m~~~~~~~~~~~~~~~~~~~~~~~~[0m


[33m▲ [43;33m[[43;30mWARNING[43;33m][0m [1mNG8113: DynamicForm is not used within the template of CredentialViewerComponent[0m [1m[35m[plugin angular-compiler][0m

    src/app/features/credentials/credential-viewer.component.ts:15:112:
[37m      15 │ ...TableViewerComponent, CredentialEditDialogComponent, [32mDynamicForm[37m],
         ╵                                                         [32m~~~~~~~~~~~[0m


[33m▲ [43;33m[[43;30mWARNING[43;33m][0m [1mNG8107: The left side of this optional chain operation does not include 'null' or 'undefined' in its type, therefore the '?.' operator can be replaced with the '.' operator.[0m [1m[35m[plugin angular-compiler][0m

    src/app/features/credentials/credential-viewer.component.ts:47:112:
[37m      47 │ ...tDoc" [workspaceId]="doc?.[32mworkspaceId[37m || null" (closed)="editVi...
         ╵                              [32m~~~~~~~~~~~[0m


[33m▲ [43;33m[[43;30mWARNING[43;33m][0m [1mNG8113: RouterLink is not used within the template of FlowAiConsoleComponent[0m [1m[35m[plugin angular-compiler][0m

    src/app/features/flow/flow-ai-console.component.ts:19:39:
[37m      19 │ ...CommonModule, FormsModule, [32mRouterLink[37m, RouterLinkActive, NzButt...
         ╵                               [32m~~~~~~~~~~[0m


[33m▲ [43;33m[[43;30mWARNING[43;33m][0m [1mNG8113: RouterLinkActive is not used within the template of FlowAiConsoleComponent[0m [1m[35m[plugin angular-compiler][0m

    src/app/features/flow/flow-ai-console.component.ts:19:51:
[37m      19 │ ...ormsModule, RouterLink, [32mRouterLinkActive[37m, NzButtonModule, NzInp...
         ╵                            [32m~~~~~~~~~~~~~~~~[0m


[33m▲ [43;33m[[43;30mWARNING[43;33m][0m [1mNG8113: VflowSafariForeignObjectPatchDirective is not used within the template of FlowBuilderComponent[0m [1m[35m[plugin angular-compiler][0m

    src/app/features/flow/flow-builder.component.ts:43:25:
[37m      43 │ ...CommonModule,[32mVflowSafariForeignObjectPatchDirective[37m, FormsModul...
         ╵                 [32m~~~~~~~~~~~~~~~~~~~~~~~~~~~~~~~~~~~~~~[0m


[33m▲ [43;33m[[43;30mWARNING[43;33m][0m [1mNG8107: The left side of this optional chain operation does not include 'null' or 'undefined' in its type, therefore the '?.' operator can be replaced with the '.' operator.[0m [1m[35m[plugin angular-compiler][0m

    src/app/features/flow/flow-execution.component.ts:134:61:
[37m      134 │ ...       <div class="s mono">ID: {{ selectedBackendRun?.[32mid[37m }}</div>
          ╵                                                          [32m~~[0m


[33m▲ [43;33m[[43;30mWARNING[43;33m][0m [1mNG8107: The left side of this optional chain operation does not include 'null' or 'undefined' in its type, therefore the '?.' operator can be replaced with the '.' operator.[0m [1m[35m[plugin angular-compiler][0m

    src/app/features/flow/flow-execution.component.ts:137:51:
[37m      137 │ ...Color]="selectedBackendRun?.[32mstatus[37m==='success' ? 'green' : (se...
          ╵                                [32m~~~~~~[0m


[33m▲ [43;33m[[43;30mWARNING[43;33m][0m [1mNG8107: The left side of this optional chain operation does not include 'null' or 'undefined' in its type, therefore the '?.' operator can be replaced with the '.' operator.[0m [1m[35m[plugin angular-compiler][0m

    src/app/features/flow/flow-execution.component.ts:137:103:
[37m      137 │ ...een' : (selectedBackendRun?.[32mstatus[37m==='error' ? 'red' : (select...
          ╵                                [32m~~~~~~[0m


[33m▲ [43;33m[[43;30mWARNING[43;33m][0m [1mNG8107: The left side of this optional chain operation does not include 'null' or 'undefined' in its type, therefore the '?.' operator can be replaced with the '.' operator.[0m [1m[35m[plugin angular-compiler][0m

    src/app/features/flow/flow-execution.component.ts:137:151:
[37m      137 │ ...red' : (selectedBackendRun?.[32mstatus[37m==='running' ? 'blue' : (sel...
          ╵                                [32m~~~~~~[0m


[33m▲ [43;33m[[43;30mWARNING[43;33m][0m [1mNG8107: The left side of this optional chain operation does not include 'null' or 'undefined' in its type, therefore the '?.' operator can be replaced with the '.' operator.[0m [1m[35m[plugin angular-compiler][0m

    src/app/features/flow/flow-execution.component.ts:137:202:
[37m      137 │ ...lue' : (selectedBackendRun?.[32mstatus[37m==='cancelled' ? 'default' :...
          ╵                                [32m~~~~~~[0m


[33m▲ [43;33m[[43;30mWARNING[43;33m][0m [1mNG8107: The left side of this optional chain operation does not include 'null' or 'undefined' in its type, therefore the '?.' operator can be replaced with the '.' operator.[0m [1m[35m[plugin angular-compiler][0m

    src/app/features/flow/flow-execution.component.ts:137:293:
[37m      137 │ ...)))" class="status-tag">{{ selectedBackendRun?.[32mstatus[37m }}</nz-tag>
          ╵                                                   [32m~~~~~~[0m


[33m▲ [43;33m[[43;30mWARNING[43;33m][0m [1mNG8107: The left side of this optional chain operation does not include 'null' or 'undefined' in its type, therefore the '?.' operator can be replaced with the '.' operator.[0m [1m[35m[plugin angular-compiler][0m

    src/app/features/flow/flow-execution.component.ts:146:88:
[37m      146 │ ...urationMs != null">{{ selectedBackendRun?.[32mdurationMs[37m }} ms</span>
          ╵                                              [32m~~~~~~~~~~[0m


[33m▲ [43;33m[[43;30mWARNING[43;33m][0m [1mNG8107: The left side of this optional chain operation does not include 'null' or 'undefined' in its type, therefore the '?.' operator can be replaced with the '.' operator.[0m [1m[35m[plugin angular-compiler][0m

    src/app/features/flow/flow-execution.component.ts:147:94:
[37m      147 │ ...= null"> · {{ selectedBackendRun?[32m.nodesExecute[37md }} nœuds</span>
          ╵                                     [32m~~~~~~~~~~~~~[0m


[33m▲ [43;33m[[43;30mWARNING[43;33m][0m [1mNG8107: The left side of this optional chain operation does not include 'null' or 'undefined' in its type, therefore the '?.' operator can be replaced with the '.' operator.[0m [1m[35m[plugin angular-compiler][0m

    src/app/features/flow/flow-execution.component.ts:148:92:
[37m      148 │ ...t != null"> · {{ selectedBackendRun?[32m.eventsCoun[37mt }} évts</span>
          ╵                                        [32m~~~~~~~~~~~[0m


[33m▲ [43;33m[[43;30mWARNING[43;33m][0m [1mNG8107: The left side of this optional chain operation does not include 'null' or 'undefined' in its type, therefore the '?.' operator can be replaced with the '.' operator.[0m [1m[35m[plugin angular-compiler][0m

    src/app/features/flow/flow-execution.component.ts:226:61:
[37m      226 │ ...       <div class="s mono">ID: {{ selectedBackendRun?.[32mid[37m }}</div>
          ╵                                                          [32m~~[0m


[33m▲ [43;33m[[43;30mWARNING[43;33m][0m [1mNG8107: The left side of this optional chain operation does not include 'null' or 'undefined' in its type, therefore the '?.' operator can be replaced with the '.' operator.[0m [1m[35m[plugin angular-compiler][0m

    src/app/features/flow/flow-execution.component.ts:229:51:
[37m      229 │ ...Color]="selectedBackendRun?.[32mstatus[37m==='success' ? 'green' : (se...
          ╵                                [32m~~~~~~[0m


[33m▲ [43;33m[[43;30mWARNING[43;33m][0m [1mNG8107: The left side of this optional chain operation does not include 'null' or 'undefined' in its type, therefore the '?.' operator can be replaced with the '.' operator.[0m [1m[35m[plugin angular-compiler][0m

    src/app/features/flow/flow-execution.component.ts:229:103:
[37m      229 │ ...een' : (selectedBackendRun?.[32mstatus[37m==='error' ? 'red' : (select...
          ╵                                [32m~~~~~~[0m


[33m▲ [43;33m[[43;30mWARNING[43;33m][0m [1mNG8107: The left side of this optional chain operation does not include 'null' or 'undefined' in its type, therefore the '?.' operator can be replaced with the '.' operator.[0m [1m[35m[plugin angular-compiler][0m

    src/app/features/flow/flow-execution.component.ts:229:151:
[37m      229 │ ...red' : (selectedBackendRun?.[32mstatus[37m==='running' ? 'blue' : (sel...
          ╵                                [32m~~~~~~[0m


[33m▲ [43;33m[[43;30mWARNING[43;33m][0m [1mNG8107: The left side of this optional chain operation does not include 'null' or 'undefined' in its type, therefore the '?.' operator can be replaced with the '.' operator.[0m [1m[35m[plugin angular-compiler][0m

    src/app/features/flow/flow-execution.component.ts:229:202:
[37m      229 │ ...lue' : (selectedBackendRun?.[32mstatus[37m==='cancelled' ? 'default' :...
          ╵                                [32m~~~~~~[0m


[33m▲ [43;33m[[43;30mWARNING[43;33m][0m [1mNG8107: The left side of this optional chain operation does not include 'null' or 'undefined' in its type, therefore the '?.' operator can be replaced with the '.' operator.[0m [1m[35m[plugin angular-compiler][0m

    src/app/features/flow/flow-execution.component.ts:229:293:
[37m      229 │ ...)))" class="status-tag">{{ selectedBackendRun?.[32mstatus[37m }}</nz-tag>
          ╵                                                   [32m~~~~~~[0m


[33m▲ [43;33m[[43;30mWARNING[43;33m][0m [1mNG8107: The left side of this optional chain operation does not include 'null' or 'undefined' in its type, therefore the '?.' operator can be replaced with the '.' operator.[0m [1m[35m[plugin angular-compiler][0m

    src/app/features/flow/flow-execution.component.ts:238:88:
[37m      238 │ ...urationMs != null">{{ selectedBackendRun?.[32mdurationMs[37m }} ms</span>
          ╵                                              [32m~~~~~~~~~~[0m


[33m▲ [43;33m[[43;30mWARNING[43;33m][0m [1mNG8107: The left side of this optional chain operation does not include 'null' or 'undefined' in its type, therefore the '?.' operator can be replaced with the '.' operator.[0m [1m[35m[plugin angular-compiler][0m

    src/app/features/flow/flow-execution.component.ts:239:94:
[37m      239 │ ...= null"> · {{ selectedBackendRun?[32m.nodesExecute[37md }} nœuds</span>
          ╵                                     [32m~~~~~~~~~~~~~[0m


[33m▲ [43;33m[[43;30mWARNING[43;33m][0m [1mNG8107: The left side of this optional chain operation does not include 'null' or 'undefined' in its type, therefore the '?.' operator can be replaced with the '.' operator.[0m [1m[35m[plugin angular-compiler][0m

    src/app/features/flow/flow-execution.component.ts:240:92:
[37m      240 │ ...t != null"> · {{ selectedBackendRun?[32m.eventsCoun[37mt }} évts</span>
          ╵                                        [32m~~~~~~~~~~~[0m


[33m▲ [43;33m[[43;30mWARNING[43;33m][0m [1mNG8107: The left side of this optional chain operation does not include 'null' or 'undefined' in its type, therefore the '?.' operator can be replaced with the '.' operator.[0m [1m[35m[plugin angular-compiler][0m

    src/app/features/flow/node-template-editor.component.ts:36:35:
[37m      36 │ ...    <span class="s">{{ form?.[32mvalue[37m?.title || form?.value?.name ...
         ╵                                 [32m~~~~~[0m


[33m▲ [43;33m[[43;30mWARNING[43;33m][0m [1mNG8107: The left side of this optional chain operation does not include 'null' or 'undefined' in its type, therefore the '?.' operator can be replaced with the '.' operator.[0m [1m[35m[plugin angular-compiler][0m

    src/app/features/flow/node-template-editor.component.ts:36:57:
[37m      36 │ ...>{{ form?.value?.title || form?.[32mvalue[37m?.name || 'Nouveau' }}</span>
         ╵                                    [32m~~~~~[0m


[33m▲ [43;33m[[43;30mWARNING[43;33m][0m [1mNG8107: The left side of this optional chain operation does not include 'null' or 'undefined' in its type, therefore the '?.' operator can be replaced with the '.' operator.[0m [1m[35m[plugin angular-compiler][0m

    src/app/features/flow/panels/flow-right-panel.component.ts:115:48:
[37m      115 │ ...class="t">{{ (selectedList?.[32mlength[37m||0) > 1 ? 'Nœuds' : 'Nœud...
          ╵                                [32m~~~~~~[0m


[31m✘ [41;31m[[41;97mERROR[41;31m][0m [1mTS2345: Argument of type 'Event' is not assignable to parameter of type 'KeyboardEvent'.
  Type 'Event' is missing the following properties from type 'KeyboardEvent': altKey, charCode, code, ctrlKey, and 17 more.[0m [1m[35m[plugin angular-compiler][0m

    src/app/features/flow/components/ai-console-chat.component.ts:50:125:
[37m      50 │ ... une instruction…" (keydown.enter)="onEnt[32mer($ev[37ment)"></textarea>
         ╵                                             [32m~~~~~~[0m


