❯ Building...

  polyfills-B6TNHZQ6.js  33.8kb

⚡ Done in 12ms
▲ [WARNING] NG8113: GlobalLoadingComponent is not used within the template of App [plugin angular-compiler]

    src/app/app.ts:8:33:
      8 │   imports: [RouterOutlet, Vflow, GlobalLoadingComponent],
        ╵                                  ~~~~~~~~~~~~~~~~~~~~~~

▲ [WARNING] NG8107: The left side of this optional chain operation does not include 'null' or 'undefined' in its type, therefore the '?.' operator can be replaced with the '.' operator. [plugin angular-compiler]

    src/app/features/catalog/app-provider-editor.component.ts:28:35:
      28 │ ...    <span class="s">{{ form?.value?.title || form?.value?.name ...
         ╵                                 ~~~~~

▲ [WARNING] NG8107: The left side of this optional chain operation does not include 'null' or 'undefined' in its type, therefore the '?.' operator can be replaced with the '.' operator. [plugin angular-compiler]

    src/app/features/catalog/app-provider-editor.component.ts:28:57:
      28 │ ...>{{ form?.value?.title || form?.value?.name || 'Nouveau' }}</span>
         ╵                                    ~~~~~

▲ [WARNING] NG8113: FormTableViewerComponent is not used within the template of AppProviderViewerComponent [plugin angular-compiler]

    src/app/features/catalog/app-provider-viewer.component.ts:17:69:
      17 │ ...odule, NzTagModule, FormTableViewerComponent, RecordsTableCompo...
         ╵                        ~~~~~~~~~~~~~~~~~~~~~~~~

▲ [WARNING] NG8113: DynamicForm is not used within the template of CredentialViewerComponent [plugin angular-compiler]

    src/app/features/credentials/credential-viewer.component.ts:15:112:
      15 │ ...TableViewerComponent, CredentialEditDialogComponent, DynamicForm],
         ╵                                                         ~~~~~~~~~~~

▲ [WARNING] NG8107: The left side of this optional chain operation does not include 'null' or 'undefined' in its type, therefore the '?.' operator can be replaced with the '.' operator. [plugin angular-compiler]

    src/app/features/credentials/credential-viewer.component.ts:47:112:
      47 │ ...tDoc" [workspaceId]="doc?.workspaceId || null" (closed)="editVi...
         ╵                              ~~~~~~~~~~~

▲ [WARNING] NG8113: RouterLink is not used within the template of FlowAiConsoleComponent [plugin angular-compiler]

    src/app/features/flow/flow-ai-console.component.ts:22:39:
      22 │ ...CommonModule, FormsModule, RouterLink, RouterLinkActive, NzButt...
         ╵                               ~~~~~~~~~~

▲ [WARNING] NG8113: RouterLinkActive is not used within the template of FlowAiConsoleComponent [plugin angular-compiler]

    src/app/features/flow/flow-ai-console.component.ts:22:51:
      22 │ ...ormsModule, RouterLink, RouterLinkActive, NzButtonModule, NzInp...
         ╵                            ~~~~~~~~~~~~~~~~

▲ [WARNING] NG8113: VflowSafariForeignObjectPatchDirective is not used within the template of FlowBuilderComponent [plugin angular-compiler]

    src/app/features/flow/flow-builder.component.ts:45:25:
      45 │ ...CommonModule,VflowSafariForeignObjectPatchDirective, FormsModul...
         ╵                 ~~~~~~~~~~~~~~~~~~~~~~~~~~~~~~~~~~~~~~

▲ [WARNING] NG8107: The left side of this optional chain operation does not include 'null' or 'undefined' in its type, therefore the '?.' operator can be replaced with the '.' operator. [plugin angular-compiler]

    src/app/features/flow/flow-execution.component.ts:135:61:
      135 │ ...       <div class="s mono">ID: {{ selectedBackendRun?.id }}</div>
          ╵                                                          ~~

▲ [WARNING] NG8107: The left side of this optional chain operation does not include 'null' or 'undefined' in its type, therefore the '?.' operator can be replaced with the '.' operator. [plugin angular-compiler]

    src/app/features/flow/flow-execution.component.ts:138:51:
      138 │ ...Color]="selectedBackendRun?.status==='success' ? 'green' : (se...
          ╵                                ~~~~~~

▲ [WARNING] NG8107: The left side of this optional chain operation does not include 'null' or 'undefined' in its type, therefore the '?.' operator can be replaced with the '.' operator. [plugin angular-compiler]

    src/app/features/flow/flow-execution.component.ts:138:103:
      138 │ ...een' : (selectedBackendRun?.status==='error' ? 'red' : (select...
          ╵                                ~~~~~~

▲ [WARNING] NG8107: The left side of this optional chain operation does not include 'null' or 'undefined' in its type, therefore the '?.' operator can be replaced with the '.' operator. [plugin angular-compiler]

    src/app/features/flow/flow-execution.component.ts:138:151:
      138 │ ...red' : (selectedBackendRun?.status==='running' ? 'blue' : (sel...
          ╵                                ~~~~~~

▲ [WARNING] NG8107: The left side of this optional chain operation does not include 'null' or 'undefined' in its type, therefore the '?.' operator can be replaced with the '.' operator. [plugin angular-compiler]

    src/app/features/flow/flow-execution.component.ts:138:202:
      138 │ ...lue' : (selectedBackendRun?.status==='cancelled' ? 'default' :...
          ╵                                ~~~~~~

▲ [WARNING] NG8107: The left side of this optional chain operation does not include 'null' or 'undefined' in its type, therefore the '?.' operator can be replaced with the '.' operator. [plugin angular-compiler]

    src/app/features/flow/flow-execution.component.ts:138:293:
      138 │ ...)))" class="status-tag">{{ selectedBackendRun?.status }}</nz-tag>
          ╵                                                   ~~~~~~

▲ [WARNING] NG8107: The left side of this optional chain operation does not include 'null' or 'undefined' in its type, therefore the '?.' operator can be replaced with the '.' operator. [plugin angular-compiler]

    src/app/features/flow/flow-execution.component.ts:147:88:
      147 │ ...urationMs != null">{{ selectedBackendRun?.durationMs }} ms</span>
          ╵                                              ~~~~~~~~~~

▲ [WARNING] NG8107: The left side of this optional chain operation does not include 'null' or 'undefined' in its type, therefore the '?.' operator can be replaced with the '.' operator. [plugin angular-compiler]

    src/app/features/flow/flow-execution.component.ts:148:94:
      148 │ ...= null"> · {{ selectedBackendRun?.nodesExecuted }} nœuds</span>
          ╵                                     ~~~~~~~~~~~~~

▲ [WARNING] NG8107: The left side of this optional chain operation does not include 'null' or 'undefined' in its type, therefore the '?.' operator can be replaced with the '.' operator. [plugin angular-compiler]

    src/app/features/flow/flow-execution.component.ts:149:92:
      149 │ ...t != null"> · {{ selectedBackendRun?.eventsCount }} évts</span>
          ╵                                        ~~~~~~~~~~~

▲ [WARNING] NG8107: The left side of this optional chain operation does not include 'null' or 'undefined' in its type, therefore the '?.' operator can be replaced with the '.' operator. [plugin angular-compiler]

    src/app/features/flow/flow-execution.component.ts:227:61:
      227 │ ...       <div class="s mono">ID: {{ selectedBackendRun?.id }}</div>
          ╵                                                          ~~

▲ [WARNING] NG8107: The left side of this optional chain operation does not include 'null' or 'undefined' in its type, therefore the '?.' operator can be replaced with the '.' operator. [plugin angular-compiler]

    src/app/features/flow/flow-execution.component.ts:230:51:
      230 │ ...Color]="selectedBackendRun?.status==='success' ? 'green' : (se...
          ╵                                ~~~~~~

▲ [WARNING] NG8107: The left side of this optional chain operation does not include 'null' or 'undefined' in its type, therefore the '?.' operator can be replaced with the '.' operator. [plugin angular-compiler]

    src/app/features/flow/flow-execution.component.ts:230:103:
      230 │ ...een' : (selectedBackendRun?.status==='error' ? 'red' : (select...
          ╵                                ~~~~~~

▲ [WARNING] NG8107: The left side of this optional chain operation does not include 'null' or 'undefined' in its type, therefore the '?.' operator can be replaced with the '.' operator. [plugin angular-compiler]

    src/app/features/flow/flow-execution.component.ts:230:151:
      230 │ ...red' : (selectedBackendRun?.status==='running' ? 'blue' : (sel...
          ╵                                ~~~~~~

▲ [WARNING] NG8107: The left side of this optional chain operation does not include 'null' or 'undefined' in its type, therefore the '?.' operator can be replaced with the '.' operator. [plugin angular-compiler]

    src/app/features/flow/flow-execution.component.ts:230:202:
      230 │ ...lue' : (selectedBackendRun?.status==='cancelled' ? 'default' :...
          ╵                                ~~~~~~

▲ [WARNING] NG8107: The left side of this optional chain operation does not include 'null' or 'undefined' in its type, therefore the '?.' operator can be replaced with the '.' operator. [plugin angular-compiler]

    src/app/features/flow/flow-execution.component.ts:230:293:
      230 │ ...)))" class="status-tag">{{ selectedBackendRun?.status }}</nz-tag>
          ╵                                                   ~~~~~~

▲ [WARNING] NG8107: The left side of this optional chain operation does not include 'null' or 'undefined' in its type, therefore the '?.' operator can be replaced with the '.' operator. [plugin angular-compiler]

    src/app/features/flow/flow-execution.component.ts:239:88:
      239 │ ...urationMs != null">{{ selectedBackendRun?.durationMs }} ms</span>
          ╵                                              ~~~~~~~~~~

▲ [WARNING] NG8107: The left side of this optional chain operation does not include 'null' or 'undefined' in its type, therefore the '?.' operator can be replaced with the '.' operator. [plugin angular-compiler]

    src/app/features/flow/flow-execution.component.ts:240:94:
      240 │ ...= null"> · {{ selectedBackendRun?.nodesExecuted }} nœuds</span>
          ╵                                     ~~~~~~~~~~~~~

▲ [WARNING] NG8107: The left side of this optional chain operation does not include 'null' or 'undefined' in its type, therefore the '?.' operator can be replaced with the '.' operator. [plugin angular-compiler]

    src/app/features/flow/flow-execution.component.ts:241:92:
      241 │ ...t != null"> · {{ selectedBackendRun?.eventsCount }} évts</span>
          ╵                                        ~~~~~~~~~~~

▲ [WARNING] NG8107: The left side of this optional chain operation does not include 'null' or 'undefined' in its type, therefore the '?.' operator can be replaced with the '.' operator. [plugin angular-compiler]

    src/app/features/flow/node-template-editor.component.ts:36:35:
      36 │ ...    <span class="s">{{ form?.value?.title || form?.value?.name ...
         ╵                                 ~~~~~

▲ [WARNING] NG8107: The left side of this optional chain operation does not include 'null' or 'undefined' in its type, therefore the '?.' operator can be replaced with the '.' operator. [plugin angular-compiler]

    src/app/features/flow/node-template-editor.component.ts:36:57:
      36 │ ...>{{ form?.value?.title || form?.value?.name || 'Nouveau' }}</span>
         ╵                                    ~~~~~

● [DEBUG] Unicode property escapes in regular expressions are not available in the configured target environment ("chrome107.0", "edge107.0", "firefox104.0", "ios16.0", "safari16.0" + 5 overrides) [unsupported-regexp]

    src/app/features/flow/components/spotlight-add-node.component.ts:244:111:
      244 │ ...ormalize('NFD').replace(/\p{Diacritic}/gu, '').trim(); if (nq....
          ╵                             ~~~~~~~~~~~~~

  This regular expression literal has been converted to a "new RegExp()" constructor to avoid generating code with a syntax error. However, you will need to include a polyfill for "RegExp" for your code to have the correct behavior at run-time.

29 warnings

  chunk-S2VIC65T.js  439.8kb
  chunk-UBERTFTE.js  298.3kb
  chunk-5DAO472V.js  246.6kb
  chunk-HPLOBTQM.js  191.8kb
  chunk-PZV5SZGM.js  177.7kb
  chunk-IFQ5HVPD.js  153.4kb
  chunk-7WTDIGXC.js  107.2kb
  chunk-KZCLSZ4B.js   98.9kb
  chunk-4ORBF35Z.js   98.4kb
  main-5ES3NEMV.js    90.3kb
  chunk-BB2ORGMR.js   85.0kb
  chunk-S6QMJXJD.js   77.4kb
  chunk-FA25NUXM.js   72.1kb
  chunk-N4CTNNGT.js   67.9kb
  chunk-OR6UQWEO.js   63.4kb
  chunk-7ECEVBBL.js   62.0kb
  chunk-P6SQQ5AE.js   59.1kb
  chunk-GYW7UWKC.js   56.5kb
  chunk-W5OAQJLC.js   55.7kb
  chunk-NJQFC54P.js   54.9kb
  ...and 105 more output files...

⚡ Done in 8058ms
✔ Building...
Initial chunk files   | Names                                |  Raw size | Estimated transfer size
styles-YYMKFZIY.css   | styles                               | 628.99 kB |                57.55 kB
chunk-PZV5SZGM.js     | -                                    | 181.94 kB |                52.76 kB
chunk-IFQ5HVPD.js     | -                                    | 157.03 kB |                36.52 kB
main-5ES3NEMV.js      | main                                 |  92.42 kB |                21.45 kB
chunk-BB2ORGMR.js     | -                                    |  87.06 kB |                16.78 kB
chunk-S6QMJXJD.js     | -                                    |  79.31 kB |                19.68 kB
chunk-FA25NUXM.js     | -                                    |  73.79 kB |                21.61 kB
chunk-N4CTNNGT.js     | -                                    |  69.50 kB |                15.84 kB
chunk-OR6UQWEO.js     | -                                    |  64.90 kB |                17.77 kB
chunk-7ECEVBBL.js     | -                                    |  63.48 kB |                17.00 kB
chunk-P6SQQ5AE.js     | -                                    |  60.53 kB |                18.78 kB
chunk-GYW7UWKC.js     | -                                    |  57.88 kB |                13.73 kB
chunk-3FIPLYY2.js     | -                                    |  53.25 kB |                12.82 kB
chunk-VBFQLZT7.js     | -                                    |  50.60 kB |                 9.77 kB
polyfills-B6TNHZQ6.js | polyfills                            |  34.58 kB |                11.32 kB
chunk-FQE4JBWW.js     | -                                    |  34.40 kB |                 7.29 kB
chunk-2H7EQV34.js     | -                                    |  32.60 kB |                 7.86 kB
chunk-XE2JPBLV.js     | -                                    |  23.07 kB |                 6.00 kB
chunk-WTOKVPEJ.js     | -                                    |  21.88 kB |                 4.80 kB
chunk-2EE2CXK3.js     | -                                    |  19.86 kB |                 5.11 kB
chunk-W2IP3LRB.js     | -                                    |  15.01 kB |                 4.43 kB
chunk-SDM3WQ35.js     | -                                    |  14.93 kB |                 4.23 kB
chunk-KHD5HZ4C.js     | -                                    |  14.12 kB |                 3.54 kB
chunk-D2WPCYH5.js     | -                                    |  12.43 kB |                 3.39 kB
chunk-LZ3J3PZ5.js     | -                                    |  12.07 kB |                 3.40 kB
chunk-KRDYIWDI.js     | -                                    |   9.29 kB |                 3.11 kB
chunk-ZIVVE3TI.js     | -                                    |   8.15 kB |                 2.51 kB
chunk-LUOWELRO.js     | -                                    |   7.51 kB |                 2.23 kB
chunk-UVVF5RL5.js     | -                                    |   6.78 kB |                 1.76 kB
chunk-E5KZ3TL4.js     | -                                    |   6.39 kB |                 2.17 kB
chunk-PWVGJN4F.js     | -                                    |   5.49 kB |                 1.88 kB
chunk-OL2K3ESM.js     | -                                    |   5.18 kB |                 1.15 kB
chunk-BBULNJTB.js     | -                                    |   4.82 kB |                 1.60 kB
chunk-YUIAPYYF.js     | -                                    |   4.13 kB |                 1.06 kB
chunk-JGCWU7LS.js     | -                                    |   4.07 kB |                 1.06 kB
chunk-LECGV7KV.js     | -                                    |   3.25 kB |                 1.21 kB
chunk-C5QR56ZX.js     | -                                    |   2.78 kB |               965 bytes
chunk-JVYOXDQP.js     | -                                    |   2.28 kB |               924 bytes
chunk-7P5GQHQC.js     | -                                    |   1.58 kB |               653 bytes
chunk-QQLQABUV.js     | -                                    |   1.48 kB |               585 bytes
chunk-2RD77GMB.js     | -                                    |   1.43 kB |               657 bytes
chunk-DTEXCCHS.js     | -                                    | 981 bytes |               981 bytes
chunk-CSKYBJ52.js     | -                                    | 898 bytes |               898 bytes
chunk-RKHQJCD2.js     | -                                    | 848 bytes |               848 bytes
chunk-32WMPQPY.js     | -                                    | 797 bytes |               797 bytes
chunk-QIOE4S5P.js     | -                                    | 737 bytes |               737 bytes
chunk-YAZTYCZF.js     | -                                    | 493 bytes |               493 bytes
chunk-HRPLYV63.js     | -                                    | 382 bytes |               382 bytes
chunk-KRV32IG3.js     | -                                    | 361 bytes |               361 bytes
chunk-OZATGOMX.js     | -                                    | 127 bytes |               127 bytes
chunk-H73J5RAA.js     | -                                    |  95 bytes |                95 bytes

                      | Initial total                        |   2.04 MB |               422.69 kB

Lazy chunk files      | Names                                |  Raw size | Estimated transfer size
chunk-S2VIC65T.js     | flow-builder-component               | 450.36 kB |                81.24 kB
chunk-UBERTFTE.js     | -                                    | 305.48 kB |                84.29 kB
chunk-5DAO472V.js     | dynamic-form-builder-component       | 252.47 kB |                45.73 kB
chunk-HPLOBTQM.js     | -                                    | 196.41 kB |                31.67 kB
chunk-7WTDIGXC.js     | ui-builder-component                 | 109.78 kB |                23.13 kB
chunk-KZCLSZ4B.js     | -                                    | 101.29 kB |                13.66 kB
chunk-4ORBF35Z.js     | dashboard-stats                      | 100.81 kB |                21.22 kB
chunk-W5OAQJLC.js     | node-template-editor-component       |  57.09 kB |                14.11 kB
chunk-NJQFC54P.js     | -                                    |  56.27 kB |                13.88 kB
chunk-T4SC4Q2X.js     | -                                    |  55.10 kB |                 6.29 kB
chunk-YLSTQXIR.js     | flow-execution-component             |  49.30 kB |                11.07 kB
chunk-EKCLL7FF.js     | -                                    |  47.55 kB |                10.44 kB
chunk-6EGR6RLY.js     | -                                    |  44.18 kB |                11.42 kB
chunk-O5AZO47L.js     | -                                    |  39.18 kB |                 8.94 kB
chunk-T55WMCAK.js     | workspace-list-component             |  29.29 kB |                 6.70 kB
chunk-TXTTJDXQ.js     | flow-ai-console-component            |  26.44 kB |                 7.08 kB
chunk-XM2UO3F6.js     | node-template-viewer-component       |  23.47 kB |                 6.22 kB
chunk-RIJL6N6S.js     | dashboard-home                       |  23.26 kB |                 6.08 kB
chunk-ZENWGAX4.js     | flow-list-component                  |  22.15 kB |                 5.98 kB
chunk-QKDKZ34E.js     | -                                    |  21.66 kB |                 5.46 kB
chunk-RTK63GYW.js     | dnd-overlay-playground-component     |  19.37 kB |                 5.45 kB
chunk-4QKB5BEL.js     | -                                    |  17.18 kB |                 4.84 kB
chunk-7U3A2A37.js     | app-provider-editor-component        |  15.57 kB |                 4.84 kB
chunk-CFFSDUTH.js     | public-form-start-component          |  15.32 kB |                 4.21 kB
chunk-GNCGEBWK.js     | node-template-list-component         |  14.45 kB |                 4.27 kB
chunk-WDQYTNRS.js     | form-list-component                  |  14.25 kB |                 4.00 kB
chunk-PVUJNW2F.js     | users-list-component                 |  13.38 kB |                 3.79 kB
chunk-XMEY72U7.js     | flow-simulation-component            |  13.36 kB |                 4.03 kB
chunk-7N4MLRVT.js     | credential-list-component            |  12.53 kB |                 3.93 kB
chunk-ZWQQEWZM.js     | json-viewer-playground-component     |  11.90 kB |                 2.87 kB
chunk-PRXWPPUB.js     | -                                    |  11.30 kB |                 3.14 kB
chunk-MHWWVUOR.js     | app-provider-list-component          |  10.61 kB |                 3.23 kB
chunk-2UO3ZRHD.js     | app-settings-component               |  10.26 kB |                 3.08 kB
chunk-VQIT6ZOI.js     | -                                    |  10.18 kB |                 3.14 kB
chunk-EEGBGXBM.js     | debug-expr-json-playground-component |  10.09 kB |                 3.21 kB
chunk-V7B3WDJB.js     | app-provider-viewer-component        |   9.61 kB |                 2.84 kB
chunk-DKRZM6JC.js     | plugin-repo-editor-component         |   9.57 kB |                 2.56 kB
chunk-26GCMNKC.js     | plugin-repo-viewer-component         |   9.29 kB |                 3.10 kB
chunk-3HCKZCVK.js     | website-viewer-component             |   8.63 kB |                 2.67 kB
chunk-4T66SEUV.js     | notifications-page-component         |   8.49 kB |                 2.79 kB
chunk-UQBLSVKP.js     | credential-viewer-component          |   8.44 kB |                 2.57 kB
chunk-CCCDIHHU.js     | website-editor-component             |   8.33 kB |                 2.79 kB
chunk-NR5DTUF7.js     | ai-form-agent-debug-component        |   8.30 kB |                 2.93 kB
chunk-LVYLEMNY.js     | website-list-component               |   8.10 kB |                 2.63 kB
chunk-M5LHUULT.js     | plugin-repo-list-component           |   8.05 kB |                 2.72 kB
chunk-ZYGESGID.js     | workspace-run-list-component         |   7.09 kB |                 2.47 kB
chunk-HA3423KY.js     | -                                    |   7.01 kB |                 2.48 kB
chunk-VRZWCFYR.js     | -                                    |   6.55 kB |                 2.27 kB
chunk-4GFPR5WT.js     | -                                    |   6.26 kB |                 2.05 kB
chunk-HASXHOHC.js     | -                                    |   5.95 kB |                 1.89 kB
chunk-3Q75JY4E.js     | -                                    |   4.78 kB |                 1.74 kB
chunk-ZEXYQTTM.js     | login-component                      |   4.62 kB |                 1.66 kB
chunk-RVGPTFAD.js     | debugging-list-component             |   4.42 kB |                 1.47 kB
chunk-5BSGSYX2.js     | website-page-viewer-component        |   4.11 kB |                 1.55 kB
chunk-DKGAABWA.js     | -                                    |   4.00 kB |                 1.68 kB
chunk-2NDTMGUX.js     | -                                    |   3.71 kB |                 1.55 kB
chunk-CV2SSMLI.js     | flow-viewer-dialog-component         |   3.69 kB |                 1.25 kB
chunk-4EH2MFMW.js     | change-password-component            |   3.63 kB |                 1.41 kB
chunk-TPZAJI3N.js     | reset-password-component             |   3.45 kB |                 1.38 kB
chunk-IIS3JXKO.js     | forgot-password-component            |   3.24 kB |                 1.31 kB
chunk-WP35LMJE.js     | debug-form-viewers-component         |   3.11 kB |                 1.16 kB
chunk-GEKM7MML.js     | form-loader-debug-component          |   3.10 kB |                 1.23 kB
chunk-4J2NL5DW.js     | -                                    |   2.90 kB |                 1.05 kB
chunk-N3NECSKI.js     | -                                    |   2.81 kB |               832 bytes
chunk-3UH77A53.js     | -                                    |   2.77 kB |                 1.15 kB
chunk-EJ6FGX5P.js     | -                                    |   2.39 kB |               866 bytes
chunk-FJGY7GYB.js     | flow-workbench-component             |   2.39 kB |               810 bytes
chunk-KLTWPW27.js     | -                                    |   2.24 kB |               954 bytes
chunk-UYUV4O36.js     | start-form-modal-component           |   1.93 kB |               739 bytes
chunk-OMJSOQ5S.js     | -                                    |   1.74 kB |               700 bytes
chunk-KSQMTTKA.js     | -                                    |   1.40 kB |               491 bytes
chunk-7KKXFKSB.js     | not-authorized                       |   1.38 kB |               661 bytes
chunk-KWRGWUW4.js     | -                                    |   1.00 kB |                 1.00 kB
chunk-6GWHPMWV.js     | browser                              | 891 bytes |               891 bytes
chunk-7QXKDTMY.js     | -                                    | 764 bytes |               764 bytes
chunk-2KALMRU4.js     | dashboard-module                     | 601 bytes |               601 bytes

Application bundle generation complete. [11.031 seconds]

[33m▲ [43;33m[[43;30mWARNING[43;33m][0m [1mNG8113: GlobalLoadingComponent is not used within the template of App[0m [1m[35m[plugin angular-compiler][0m

    src/app/app.ts:8:33:
[37m      8 │   imports: [RouterOutlet, Vflow, [32mGlobalLoadingComponent[37m],
        ╵                                  [32m~~~~~~~~~~~~~~~~~~~~~~[0m


[33m▲ [43;33m[[43;30mWARNING[43;33m][0m [1mNG8107: The left side of this optional chain operation does not include 'null' or 'undefined' in its type, therefore the '?.' operator can be replaced with the '.' operator.[0m [1m[35m[plugin angular-compiler][0m

    src/app/features/catalog/app-provider-editor.component.ts:28:35:
[37m      28 │ ...    <span class="s">{{ form?.[32mvalue[37m?.title || form?.value?.name ...
         ╵                                 [32m~~~~~[0m


[33m▲ [43;33m[[43;30mWARNING[43;33m][0m [1mNG8107: The left side of this optional chain operation does not include 'null' or 'undefined' in its type, therefore the '?.' operator can be replaced with the '.' operator.[0m [1m[35m[plugin angular-compiler][0m

    src/app/features/catalog/app-provider-editor.component.ts:28:57:
[37m      28 │ ...>{{ form?.value?.title || form?.[32mvalue[37m?.name || 'Nouveau' }}</span>
         ╵                                    [32m~~~~~[0m


[33m▲ [43;33m[[43;30mWARNING[43;33m][0m [1mNG8113: FormTableViewerComponent is not used within the template of AppProviderViewerComponent[0m [1m[35m[plugin angular-compiler][0m

    src/app/features/catalog/app-provider-viewer.component.ts:17:69:
[37m      17 │ ...odule, NzTagModule, [32mFormTableViewerComponent[37m, RecordsTableCompo...
         ╵                        [32m~~~~~~~~~~~~~~~~~~~~~~~~[0m


[33m▲ [43;33m[[43;30mWARNING[43;33m][0m [1mNG8113: DynamicForm is not used within the template of CredentialViewerComponent[0m [1m[35m[plugin angular-compiler][0m

    src/app/features/credentials/credential-viewer.component.ts:15:112:
[37m      15 │ ...TableViewerComponent, CredentialEditDialogComponent, [32mDynamicForm[37m],
         ╵                                                         [32m~~~~~~~~~~~[0m


[33m▲ [43;33m[[43;30mWARNING[43;33m][0m [1mNG8107: The left side of this optional chain operation does not include 'null' or 'undefined' in its type, therefore the '?.' operator can be replaced with the '.' operator.[0m [1m[35m[plugin angular-compiler][0m

    src/app/features/credentials/credential-viewer.component.ts:47:112:
[37m      47 │ ...tDoc" [workspaceId]="doc?.[32mworkspaceId[37m || null" (closed)="editVi...
         ╵                              [32m~~~~~~~~~~~[0m


[33m▲ [43;33m[[43;30mWARNING[43;33m][0m [1mNG8113: RouterLink is not used within the template of FlowAiConsoleComponent[0m [1m[35m[plugin angular-compiler][0m

    src/app/features/flow/flow-ai-console.component.ts:22:39:
[37m      22 │ ...CommonModule, FormsModule, [32mRouterLink[37m, RouterLinkActive, NzButt...
         ╵                               [32m~~~~~~~~~~[0m


[33m▲ [43;33m[[43;30mWARNING[43;33m][0m [1mNG8113: RouterLinkActive is not used within the template of FlowAiConsoleComponent[0m [1m[35m[plugin angular-compiler][0m

    src/app/features/flow/flow-ai-console.component.ts:22:51:
[37m      22 │ ...ormsModule, RouterLink, [32mRouterLinkActive[37m, NzButtonModule, NzInp...
         ╵                            [32m~~~~~~~~~~~~~~~~[0m


[33m▲ [43;33m[[43;30mWARNING[43;33m][0m [1mNG8113: VflowSafariForeignObjectPatchDirective is not used within the template of FlowBuilderComponent[0m [1m[35m[plugin angular-compiler][0m

    src/app/features/flow/flow-builder.component.ts:45:25:
[37m      45 │ ...CommonModule,[32mVflowSafariForeignObjectPatchDirective[37m, FormsModul...
         ╵                 [32m~~~~~~~~~~~~~~~~~~~~~~~~~~~~~~~~~~~~~~[0m


[33m▲ [43;33m[[43;30mWARNING[43;33m][0m [1mNG8107: The left side of this optional chain operation does not include 'null' or 'undefined' in its type, therefore the '?.' operator can be replaced with the '.' operator.[0m [1m[35m[plugin angular-compiler][0m

    src/app/features/flow/flow-execution.component.ts:135:61:
[37m      135 │ ...       <div class="s mono">ID: {{ selectedBackendRun?.[32mid[37m }}</div>
          ╵                                                          [32m~~[0m


[33m▲ [43;33m[[43;30mWARNING[43;33m][0m [1mNG8107: The left side of this optional chain operation does not include 'null' or 'undefined' in its type, therefore the '?.' operator can be replaced with the '.' operator.[0m [1m[35m[plugin angular-compiler][0m

    src/app/features/flow/flow-execution.component.ts:138:51:
[37m      138 │ ...Color]="selectedBackendRun?.[32mstatus[37m==='success' ? 'green' : (se...
          ╵                                [32m~~~~~~[0m


[33m▲ [43;33m[[43;30mWARNING[43;33m][0m [1mNG8107: The left side of this optional chain operation does not include 'null' or 'undefined' in its type, therefore the '?.' operator can be replaced with the '.' operator.[0m [1m[35m[plugin angular-compiler][0m

    src/app/features/flow/flow-execution.component.ts:138:103:
[37m      138 │ ...een' : (selectedBackendRun?.[32mstatus[37m==='error' ? 'red' : (select...
          ╵                                [32m~~~~~~[0m


[33m▲ [43;33m[[43;30mWARNING[43;33m][0m [1mNG8107: The left side of this optional chain operation does not include 'null' or 'undefined' in its type, therefore the '?.' operator can be replaced with the '.' operator.[0m [1m[35m[plugin angular-compiler][0m

    src/app/features/flow/flow-execution.component.ts:138:151:
[37m      138 │ ...red' : (selectedBackendRun?.[32mstatus[37m==='running' ? 'blue' : (sel...
          ╵                                [32m~~~~~~[0m


[33m▲ [43;33m[[43;30mWARNING[43;33m][0m [1mNG8107: The left side of this optional chain operation does not include 'null' or 'undefined' in its type, therefore the '?.' operator can be replaced with the '.' operator.[0m [1m[35m[plugin angular-compiler][0m

    src/app/features/flow/flow-execution.component.ts:138:202:
[37m      138 │ ...lue' : (selectedBackendRun?.[32mstatus[37m==='cancelled' ? 'default' :...
          ╵                                [32m~~~~~~[0m


[33m▲ [43;33m[[43;30mWARNING[43;33m][0m [1mNG8107: The left side of this optional chain operation does not include 'null' or 'undefined' in its type, therefore the '?.' operator can be replaced with the '.' operator.[0m [1m[35m[plugin angular-compiler][0m

    src/app/features/flow/flow-execution.component.ts:138:293:
[37m      138 │ ...)))" class="status-tag">{{ selectedBackendRun?.[32mstatus[37m }}</nz-tag>
          ╵                                                   [32m~~~~~~[0m


[33m▲ [43;33m[[43;30mWARNING[43;33m][0m [1mNG8107: The left side of this optional chain operation does not include 'null' or 'undefined' in its type, therefore the '?.' operator can be replaced with the '.' operator.[0m [1m[35m[plugin angular-compiler][0m

    src/app/features/flow/flow-execution.component.ts:147:88:
[37m      147 │ ...urationMs != null">{{ selectedBackendRun?.[32mdurationMs[37m }} ms</span>
          ╵                                              [32m~~~~~~~~~~[0m


[33m▲ [43;33m[[43;30mWARNING[43;33m][0m [1mNG8107: The left side of this optional chain operation does not include 'null' or 'undefined' in its type, therefore the '?.' operator can be replaced with the '.' operator.[0m [1m[35m[plugin angular-compiler][0m

    src/app/features/flow/flow-execution.component.ts:148:94:
[37m      148 │ ...= null"> · {{ selectedBackendRun?[32m.nodesExecute[37md }} nœuds</span>
          ╵                                     [32m~~~~~~~~~~~~~[0m


[33m▲ [43;33m[[43;30mWARNING[43;33m][0m [1mNG8107: The left side of this optional chain operation does not include 'null' or 'undefined' in its type, therefore the '?.' operator can be replaced with the '.' operator.[0m [1m[35m[plugin angular-compiler][0m

    src/app/features/flow/flow-execution.component.ts:149:92:
[37m      149 │ ...t != null"> · {{ selectedBackendRun?[32m.eventsCoun[37mt }} évts</span>
          ╵                                        [32m~~~~~~~~~~~[0m


[33m▲ [43;33m[[43;30mWARNING[43;33m][0m [1mNG8107: The left side of this optional chain operation does not include 'null' or 'undefined' in its type, therefore the '?.' operator can be replaced with the '.' operator.[0m [1m[35m[plugin angular-compiler][0m

    src/app/features/flow/flow-execution.component.ts:227:61:
[37m      227 │ ...       <div class="s mono">ID: {{ selectedBackendRun?.[32mid[37m }}</div>
          ╵                                                          [32m~~[0m


[33m▲ [43;33m[[43;30mWARNING[43;33m][0m [1mNG8107: The left side of this optional chain operation does not include 'null' or 'undefined' in its type, therefore the '?.' operator can be replaced with the '.' operator.[0m [1m[35m[plugin angular-compiler][0m

    src/app/features/flow/flow-execution.component.ts:230:51:
[37m      230 │ ...Color]="selectedBackendRun?.[32mstatus[37m==='success' ? 'green' : (se...
          ╵                                [32m~~~~~~[0m


[33m▲ [43;33m[[43;30mWARNING[43;33m][0m [1mNG8107: The left side of this optional chain operation does not include 'null' or 'undefined' in its type, therefore the '?.' operator can be replaced with the '.' operator.[0m [1m[35m[plugin angular-compiler][0m

    src/app/features/flow/flow-execution.component.ts:230:103:
[37m      230 │ ...een' : (selectedBackendRun?.[32mstatus[37m==='error' ? 'red' : (select...
          ╵                                [32m~~~~~~[0m


[33m▲ [43;33m[[43;30mWARNING[43;33m][0m [1mNG8107: The left side of this optional chain operation does not include 'null' or 'undefined' in its type, therefore the '?.' operator can be replaced with the '.' operator.[0m [1m[35m[plugin angular-compiler][0m

    src/app/features/flow/flow-execution.component.ts:230:151:
[37m      230 │ ...red' : (selectedBackendRun?.[32mstatus[37m==='running' ? 'blue' : (sel...
          ╵                                [32m~~~~~~[0m


[33m▲ [43;33m[[43;30mWARNING[43;33m][0m [1mNG8107: The left side of this optional chain operation does not include 'null' or 'undefined' in its type, therefore the '?.' operator can be replaced with the '.' operator.[0m [1m[35m[plugin angular-compiler][0m

    src/app/features/flow/flow-execution.component.ts:230:202:
[37m      230 │ ...lue' : (selectedBackendRun?.[32mstatus[37m==='cancelled' ? 'default' :...
          ╵                                [32m~~~~~~[0m


[33m▲ [43;33m[[43;30mWARNING[43;33m][0m [1mNG8107: The left side of this optional chain operation does not include 'null' or 'undefined' in its type, therefore the '?.' operator can be replaced with the '.' operator.[0m [1m[35m[plugin angular-compiler][0m

    src/app/features/flow/flow-execution.component.ts:230:293:
[37m      230 │ ...)))" class="status-tag">{{ selectedBackendRun?.[32mstatus[37m }}</nz-tag>
          ╵                                                   [32m~~~~~~[0m


[33m▲ [43;33m[[43;30mWARNING[43;33m][0m [1mNG8107: The left side of this optional chain operation does not include 'null' or 'undefined' in its type, therefore the '?.' operator can be replaced with the '.' operator.[0m [1m[35m[plugin angular-compiler][0m

    src/app/features/flow/flow-execution.component.ts:239:88:
[37m      239 │ ...urationMs != null">{{ selectedBackendRun?.[32mdurationMs[37m }} ms</span>
          ╵                                              [32m~~~~~~~~~~[0m


[33m▲ [43;33m[[43;30mWARNING[43;33m][0m [1mNG8107: The left side of this optional chain operation does not include 'null' or 'undefined' in its type, therefore the '?.' operator can be replaced with the '.' operator.[0m [1m[35m[plugin angular-compiler][0m

    src/app/features/flow/flow-execution.component.ts:240:94:
[37m      240 │ ...= null"> · {{ selectedBackendRun?[32m.nodesExecute[37md }} nœuds</span>
          ╵                                     [32m~~~~~~~~~~~~~[0m


[33m▲ [43;33m[[43;30mWARNING[43;33m][0m [1mNG8107: The left side of this optional chain operation does not include 'null' or 'undefined' in its type, therefore the '?.' operator can be replaced with the '.' operator.[0m [1m[35m[plugin angular-compiler][0m

    src/app/features/flow/flow-execution.component.ts:241:92:
[37m      241 │ ...t != null"> · {{ selectedBackendRun?[32m.eventsCoun[37mt }} évts</span>
          ╵                                        [32m~~~~~~~~~~~[0m


[33m▲ [43;33m[[43;30mWARNING[43;33m][0m [1mNG8107: The left side of this optional chain operation does not include 'null' or 'undefined' in its type, therefore the '?.' operator can be replaced with the '.' operator.[0m [1m[35m[plugin angular-compiler][0m

    src/app/features/flow/node-template-editor.component.ts:36:35:
[37m      36 │ ...    <span class="s">{{ form?.[32mvalue[37m?.title || form?.value?.name ...
         ╵                                 [32m~~~~~[0m


[33m▲ [43;33m[[43;30mWARNING[43;33m][0m [1mNG8107: The left side of this optional chain operation does not include 'null' or 'undefined' in its type, therefore the '?.' operator can be replaced with the '.' operator.[0m [1m[35m[plugin angular-compiler][0m

    src/app/features/flow/node-template-editor.component.ts:36:57:
[37m      36 │ ...>{{ form?.value?.title || form?.[32mvalue[37m?.name || 'Nouveau' }}</span>
         ╵                                    [32m~~~~~[0m


Output location: /Users/edouardbernier/Documents/Projets/i55/Projet/Core 2.0/Application/Homeport 1.0/Homeport/dist/homeport

